// Jest Snapshot v1, https://goo.gl/fbAQLP

exports[`renders correctly 1`] = `
<a
  className="normal"
  href="http://localhost:4200/"
  onMouseEnter={[Function]}
  onMouseLeave={[Function]}
>
  InsureworX
</a>
`;
